// Jest Snapshot v1, https://goo.gl/fbAQLP

exports[`App Should initialize the login 1`] = `
Object {
  "asFragment": [Function],
  "baseElement": <body>
    <div>
      <div
        class="ui centered vertically padded one column grid"
      >
        <div
          class="row"
        >
          <div
            class="column"
            style="max-width: 1100px;"
          >
            <div
              class="ui segments"
            >
              <h4
                class="ui block top attached center aligned header"
              >
                <div
                  class="content"
                >
                  Animal Pools
                </div>
                <div
                  class="sub header"
                  data-testid="login-heading"
                >
                  Please sign in to continue
                </div>
              </h4>
              <div
                class="ui padded center aligned grid"
              >
                <div
                  class="row"
                >
                  <div
                    class="sixteen wide column"
                  >
                    <img
                      class="ui medium centered image"
                      src="/images/logo.png"
                    />
                    <br />
                    <form
                      class="ui form"
                    >
                      <h2
                        class="ui blue header"
                      >
                        Sign In
                      </h2>
                      <div
                        class="required field"
                      >
                        <div
                          aria-expanded="false"
                          class="ui fluid selection scrolling dropdown"
                          data-testid="userId"
                          required=""
                          role="listbox"
                          tabindex="0"
                        >
                          <div
                            aria-atomic="true"
                            aria-live="polite"
                            class="default text"
                            role="alert"
                          >
                            Select a animal
                          </div>
                          <i
                            aria-hidden="true"
                            class="dropdown icon"
                          />
                          <div
                            class="menu transition"
                          />
                        </div>
                      </div>
                      <div
                        class="disabled field"
                      >
                        <button
                          class="ui fluid primary disabled button"
                          data-testid="submit"
                          disabled=""
                          tabindex="-1"
                        >
                          Login
                        </button>
                      </div>
                    </form>
                  </div>
                </div>
              </div>
            </div>
          </div>
        </div>
      </div>
    </div>
  </body>,
  "container": <div>
    <div
      class="ui centered vertically padded one column grid"
    >
      <div
        class="row"
      >
        <div
          class="column"
          style="max-width: 1100px;"
        >
          <div
            class="ui segments"
          >
            <h4
              class="ui block top attached center aligned header"
            >
              <div
                class="content"
              >
                Animal Pools
              </div>
              <div
                class="sub header"
                data-testid="login-heading"
              >
                Please sign in to continue
              </div>
            </h4>
            <div
              class="ui padded center aligned grid"
            >
              <div
                class="row"
              >
                <div
                  class="sixteen wide column"
                >
                  <img
                    class="ui medium centered image"
                    src="/images/logo.png"
                  />
                  <br />
                  <form
                    class="ui form"
                  >
                    <h2
                      class="ui blue header"
                    >
                      Sign In
                    </h2>
                    <div
                      class="required field"
                    >
                      <div
                        aria-expanded="false"
                        class="ui fluid selection scrolling dropdown"
                        data-testid="userId"
                        required=""
                        role="listbox"
                        tabindex="0"
                      >
                        <div
                          aria-atomic="true"
                          aria-live="polite"
                          class="default text"
                          role="alert"
                        >
                          Select a animal
                        </div>
                        <i
                          aria-hidden="true"
                          class="dropdown icon"
                        />
                        <div
                          class="menu transition"
                        />
                      </div>
                    </div>
                    <div
                      class="disabled field"
                    >
                      <button
                        class="ui fluid primary disabled button"
                        data-testid="submit"
                        disabled=""
                        tabindex="-1"
                      >
                        Login
                      </button>
                    </div>
                  </form>
                </div>
              </div>
            </div>
          </div>
        </div>
      </div>
    </div>
  </div>,
  "debug": [Function],
  "findAllByAltText": [Function],
  "findAllByDisplayValue": [Function],
  "findAllByLabelText": [Function],
  "findAllByPlaceholderText": [Function],
  "findAllByRole": [Function],
  "findAllByTestId": [Function],
  "findAllByText": [Function],
  "findAllByTitle": [Function],
  "findByAltText": [Function],
  "findByDisplayValue": [Function],
  "findByLabelText": [Function],
  "findByPlaceholderText": [Function],
  "findByRole": [Function],
  "findByTestId": [Function],
  "findByText": [Function],
  "findByTitle": [Function],
  "getAllByAltText": [Function],
  "getAllByDisplayValue": [Function],
  "getAllByLabelText": [Function],
  "getAllByPlaceholderText": [Function],
  "getAllByRole": [Function],
  "getAllByTestId": [Function],
  "getAllByText": [Function],
  "getAllByTitle": [Function],
  "getByAltText": [Function],
  "getByDisplayValue": [Function],
  "getByLabelText": [Function],
  "getByPlaceholderText": [Function],
  "getByRole": [Function],
  "getByTestId": [Function],
  "getByText": [Function],
  "getByTitle": [Function],
  "queryAllByAltText": [Function],
  "queryAllByDisplayValue": [Function],
  "queryAllByLabelText": [Function],
  "queryAllByPlaceholderText": [Function],
  "queryAllByRole": [Function],
  "queryAllByTestId": [Function],
  "queryAllByText": [Function],
  "queryAllByTitle": [Function],
  "queryByAltText": [Function],
  "queryByDisplayValue": [Function],
  "queryByLabelText": [Function],
  "queryByPlaceholderText": [Function],
  "queryByRole": [Function],
  "queryByTestId": [Function],
  "queryByText": [Function],
  "queryByTitle": [Function],
  "rerender": [Function],
  "unmount": [Function],
}
`;

exports[`Login Should be rendered successfully 1`] = `
Object {
  "asFragment": [Function],
  "baseElement": <body>
    <div>
      <div
        class="ui centered vertically padded one column grid"
      >
        <div
          class="row"
        >
          <div
            class="column"
            style="max-width: 1100px;"
          >
            <div
              class="ui segments"
            >
              <h4
                class="ui block top attached center aligned header"
              >
                <div
                  class="content"
                >
                  Animal Pools
                </div>
                <div
                  class="sub header"
                  data-testid="login-heading"
                >
                  Please sign in to continue
                </div>
              </h4>
              <div
                class="ui padded center aligned grid"
              >
                <div
                  class="row"
                >
                  <div
                    class="sixteen wide column"
                  >
                    <img
                      class="ui medium centered image"
                      src="/images/logo.png"
                    />
                    <br />
                    <form
                      class="ui form"
                    >
                      <h2
                        class="ui blue header"
                      >
                        Sign In
                      </h2>
                      <div
                        class="required field"
                      >
                        <div
                          aria-expanded="false"
                          class="ui fluid selection scrolling dropdown"
                          data-testid="userId"
                          required=""
                          role="listbox"
                          tabindex="0"
                        >
                          <div
                            aria-atomic="true"
                            aria-live="polite"
                            class="default text"
                            role="alert"
                          >
                            Select a animal
                          </div>
                          <i
                            aria-hidden="true"
                            class="dropdown icon"
                          />
                          <div
                            class="menu transition"
                          />
                        </div>
                      </div>
                      <div
                        class="disabled field"
                      >
                        <button
                          class="ui fluid primary disabled button"
                          data-testid="submit"
                          disabled=""
                          tabindex="-1"
                        >
                          Login
                        </button>
                      </div>
                    </form>
                  </div>
                </div>
              </div>
            </div>
          </div>
        </div>
      </div>
    </div>
  </body>,
  "container": <div>
    <div
      class="ui centered vertically padded one column grid"
    >
      <div
        class="row"
      >
        <div
          class="column"
          style="max-width: 1100px;"
        >
          <div
            class="ui segments"
          >
            <h4
              class="ui block top attached center aligned header"
            >
              <div
                class="content"
              >
                Animal Pools
              </div>
              <div
                class="sub header"
                data-testid="login-heading"
              >
                Please sign in to continue
              </div>
            </h4>
            <div
              class="ui padded center aligned grid"
            >
              <div
                class="row"
              >
                <div
                  class="sixteen wide column"
                >
                  <img
                    class="ui medium centered image"
                    src="/images/logo.png"
                  />
                  <br />
                  <form
                    class="ui form"
                  >
                    <h2
                      class="ui blue header"
                    >
                      Sign In
                    </h2>
                    <div
                      class="required field"
                    >
                      <div
                        aria-expanded="false"
                        class="ui fluid selection scrolling dropdown"
                        data-testid="userId"
                        required=""
                        role="listbox"
                        tabindex="0"
                      >
                        <div
                          aria-atomic="true"
                          aria-live="polite"
                          class="default text"
                          role="alert"
                        >
                          Select a animal
                        </div>
                        <i
                          aria-hidden="true"
                          class="dropdown icon"
                        />
                        <div
                          class="menu transition"
                        />
                      </div>
                    </div>
                    <div
                      class="disabled field"
                    >
                      <button
                        class="ui fluid primary disabled button"
                        data-testid="submit"
                        disabled=""
                        tabindex="-1"
                      >
                        Login
                      </button>
                    </div>
                  </form>
                </div>
              </div>
            </div>
          </div>
        </div>
      </div>
    </div>
  </div>,
  "debug": [Function],
  "findAllByAltText": [Function],
  "findAllByDisplayValue": [Function],
  "findAllByLabelText": [Function],
  "findAllByPlaceholderText": [Function],
  "findAllByRole": [Function],
  "findAllByTestId": [Function],
  "findAllByText": [Function],
  "findAllByTitle": [Function],
  "findByAltText": [Function],
  "findByDisplayValue": [Function],
  "findByLabelText": [Function],
  "findByPlaceholderText": [Function],
  "findByRole": [Function],
  "findByTestId": [Function],
  "findByText": [Function],
  "findByTitle": [Function],
  "getAllByAltText": [Function],
  "getAllByDisplayValue": [Function],
  "getAllByLabelText": [Function],
  "getAllByPlaceholderText": [Function],
  "getAllByRole": [Function],
  "getAllByTestId": [Function],
  "getAllByText": [Function],
  "getAllByTitle": [Function],
  "getByAltText": [Function],
  "getByDisplayValue": [Function],
  "getByLabelText": [Function],
  "getByPlaceholderText": [Function],
  "getByRole": [Function],
  "getByTestId": [Function],
  "getByText": [Function],
  "getByTitle": [Function],
  "queryAllByAltText": [Function],
  "queryAllByDisplayValue": [Function],
  "queryAllByLabelText": [Function],
  "queryAllByPlaceholderText": [Function],
  "queryAllByRole": [Function],
  "queryAllByTestId": [Function],
  "queryAllByText": [Function],
  "queryAllByTitle": [Function],
  "queryByAltText": [Function],
  "queryByDisplayValue": [Function],
  "queryByLabelText": [Function],
  "queryByPlaceholderText": [Function],
  "queryByRole": [Function],
  "queryByTestId": [Function],
  "queryByText": [Function],
  "queryByTitle": [Function],
  "rerender": [Function],
  "unmount": [Function],
}
`;

exports[`Login Should initialize the login 1`] = `
Object {
  "asFragment": [Function],
  "baseElement": <body>
    <div>
      <div
        class="ui centered vertically padded one column grid"
      >
        <div
          class="row"
        >
          <div
            class="column"
            style="max-width: 1100px;"
          >
            <div
              class="ui segments"
            >
              <h4
                class="ui block top attached center aligned header"
              >
                <div
                  class="content"
                >
                  Animal Pools
                </div>
                <div
                  class="sub header"
                  data-testid="login-heading"
                >
                  Please sign in to continue
                </div>
              </h4>
              <div
                class="ui padded center aligned grid"
              >
                <div
                  class="row"
                >
                  <div
                    class="sixteen wide column"
                  >
                    <img
                      class="ui medium centered image"
                      src="/images/logo.png"
                    />
                    <br />
                    <form
                      class="ui form"
                    >
                      <h2
                        class="ui blue header"
                      >
                        Sign In
                      </h2>
                      <div
                        class="required field"
                      >
                        <div
                          aria-expanded="false"
                          class="ui fluid selection scrolling dropdown"
                          data-testid="userId"
                          required=""
                          role="listbox"
                          tabindex="0"
                        >
                          <div
                            aria-atomic="true"
                            aria-live="polite"
                            class="default text"
                            role="alert"
                          >
                            Select a animal
                          </div>
                          <i
                            aria-hidden="true"
                            class="dropdown icon"
                          />
                          <div
                            class="menu transition"
                          />
                        </div>
                      </div>
                      <div
                        class="disabled field"
                      >
                        <button
                          class="ui fluid primary disabled button"
                          data-testid="submit"
                          disabled=""
                          tabindex="-1"
                        >
                          Login
                        </button>
                      </div>
                    </form>
                  </div>
                </div>
              </div>
            </div>
          </div>
        </div>
      </div>
    </div>
  </body>,
  "container": <div>
    <div
      class="ui centered vertically padded one column grid"
    >
      <div
        class="row"
      >
        <div
          class="column"
          style="max-width: 1100px;"
        >
          <div
            class="ui segments"
          >
            <h4
              class="ui block top attached center aligned header"
            >
              <div
                class="content"
              >
                Animal Pools
              </div>
              <div
                class="sub header"
                data-testid="login-heading"
              >
                Please sign in to continue
              </div>
            </h4>
            <div
              class="ui padded center aligned grid"
            >
              <div
                class="row"
              >
                <div
                  class="sixteen wide column"
                >
                  <img
                    class="ui medium centered image"
                    src="/images/logo.png"
                  />
                  <br />
                  <form
                    class="ui form"
                  >
                    <h2
                      class="ui blue header"
                    >
                      Sign In
                    </h2>
                    <div
                      class="required field"
                    >
                      <div
                        aria-expanded="false"
                        class="ui fluid selection scrolling dropdown"
                        data-testid="userId"
                        required=""
                        role="listbox"
                        tabindex="0"
                      >
                        <div
                          aria-atomic="true"
                          aria-live="polite"
                          class="default text"
                          role="alert"
                        >
                          Select a animal
                        </div>
                        <i
                          aria-hidden="true"
                          class="dropdown icon"
                        />
                        <div
                          class="menu transition"
                        />
                      </div>
                    </div>
                    <div
                      class="disabled field"
                    >
                      <button
                        class="ui fluid primary disabled button"
                        data-testid="submit"
                        disabled=""
                        tabindex="-1"
                      >
                        Login
                      </button>
                    </div>
                  </form>
                </div>
              </div>
            </div>
          </div>
        </div>
      </div>
    </div>
  </div>,
  "debug": [Function],
  "findAllByAltText": [Function],
  "findAllByDisplayValue": [Function],
  "findAllByLabelText": [Function],
  "findAllByPlaceholderText": [Function],
  "findAllByRole": [Function],
  "findAllByTestId": [Function],
  "findAllByText": [Function],
  "findAllByTitle": [Function],
  "findByAltText": [Function],
  "findByDisplayValue": [Function],
  "findByLabelText": [Function],
  "findByPlaceholderText": [Function],
  "findByRole": [Function],
  "findByTestId": [Function],
  "findByText": [Function],
  "findByTitle": [Function],
  "getAllByAltText": [Function],
  "getAllByDisplayValue": [Function],
  "getAllByLabelText": [Function],
  "getAllByPlaceholderText": [Function],
  "getAllByRole": [Function],
  "getAllByTestId": [Function],
  "getAllByText": [Function],
  "getAllByTitle": [Function],
  "getByAltText": [Function],
  "getByDisplayValue": [Function],
  "getByLabelText": [Function],
  "getByPlaceholderText": [Function],
  "getByRole": [Function],
  "getByTestId": [Function],
  "getByText": [Function],
  "getByTitle": [Function],
  "queryAllByAltText": [Function],
  "queryAllByDisplayValue": [Function],
  "queryAllByLabelText": [Function],
  "queryAllByPlaceholderText": [Function],
  "queryAllByRole": [Function],
  "queryAllByTestId": [Function],
  "queryAllByText": [Function],
  "queryAllByTitle": [Function],
  "queryByAltText": [Function],
  "queryByDisplayValue": [Function],
  "queryByLabelText": [Function],
  "queryByPlaceholderText": [Function],
  "queryByRole": [Function],
  "queryByTestId": [Function],
  "queryByText": [Function],
  "queryByTitle": [Function],
  "rerender": [Function],
  "unmount": [Function],
}
`;
